Archive member included because of file (symbol)

/Users/ermanno/arm-cs-tools/bin/../lib/gcc/arm-none-eabi/4.8.3/../../../../arm-none-eabi/lib/armv7e-m/libg.a(lib_a-errno.o)
                              ./libs/misc/src/_sbrk.o (__errno)
/Users/ermanno/arm-cs-tools/bin/../lib/gcc/arm-none-eabi/4.8.3/../../../../arm-none-eabi/lib/armv7e-m/libg.a(lib_a-impure.o)
                              /Users/ermanno/arm-cs-tools/bin/../lib/gcc/arm-none-eabi/4.8.3/../../../../arm-none-eabi/lib/armv7e-m/libg.a(lib_a-errno.o) (_impure_ptr)

Allocating common symbols
Common symbol       size              file

TM_NRF24L01_Struct  0x4               ./src/tm_stm32f4_nrf24l01.o
TM_USART_Buffer     0x100             ./src/tm_stm32f4_usart.o
dataIn              0x20              ./src/main.o
dataOut             0x20              ./src/main.o

Discarded input sections

 .group         0x0000000000000000        0x8 ./src/main.o
 .group         0x0000000000000000        0x8 ./src/main.o
 .group         0x0000000000000000        0x8 ./src/main.o
 .group         0x0000000000000000        0x8 ./src/main.o
 .group         0x0000000000000000        0x8 ./src/main.o
 .group         0x0000000000000000        0x8 ./src/main.o
 .group         0x0000000000000000        0x8 ./src/main.o
 .group         0x0000000000000000        0x8 ./src/main.o
 .group         0x0000000000000000        0x8 ./src/main.o
 .group         0x0000000000000000        0x8 ./src/main.o
 .group         0x0000000000000000        0x8 ./src/main.o
 .group         0x0000000000000000        0x8 ./src/main.o
 .group         0x0000000000000000        0x8 ./src/main.o
 .group         0x0000000000000000        0x8 ./src/main.o
 .group         0x0000000000000000        0x8 ./src/main.o
 .group         0x0000000000000000        0x8 ./src/main.o
 .group         0x0000000000000000        0x8 ./src/main.o
 .group         0x0000000000000000        0x8 ./src/main.o
 .group         0x0000000000000000        0x8 ./src/main.o
 .group         0x0000000000000000        0x8 ./src/main.o
 .group         0x0000000000000000        0x8 ./src/main.o
 .group         0x0000000000000000        0x8 ./src/main.o
 .group         0x0000000000000000        0x8 ./src/main.o
 .group         0x0000000000000000        0x8 ./src/main.o
 .group         0x0000000000000000        0x8 ./src/main.o
 .group         0x0000000000000000        0x8 ./src/main.o
 .group         0x0000000000000000        0x8 ./src/main.o
 .group         0x0000000000000000        0x8 ./src/main.o
 .group         0x0000000000000000        0x8 ./src/main.o
 .group         0x0000000000000000        0x8 ./src/main.o
 .group         0x0000000000000000        0x8 ./src/main.o
 .group         0x0000000000000000        0x8 ./src/main.o
 .group         0x0000000000000000        0x8 ./src/main.o
 .group         0x0000000000000000        0x8 ./src/main.o
 .group         0x0000000000000000        0x8 ./src/main.o
 .group         0x0000000000000000        0x8 ./src/main.o
 .group         0x0000000000000000        0x8 ./src/main.o
 .group         0x0000000000000000        0x8 ./src/main.o
 .group         0x0000000000000000        0x8 ./src/main.o
 .group         0x0000000000000000        0x8 ./src/main.o
 .group         0x0000000000000000        0x8 ./src/main.o
 .group         0x0000000000000000        0x8 ./src/main.o
 .group         0x0000000000000000        0x8 ./src/main.o
 .group         0x0000000000000000        0x8 ./src/main.o
 .group         0x0000000000000000        0x8 ./src/main.o
 .group         0x0000000000000000        0x8 ./src/main.o
 .group         0x0000000000000000        0x8 ./src/main.o
 .group         0x0000000000000000        0x8 ./src/main.o
 .group         0x0000000000000000        0x8 ./src/main.o
 .group         0x0000000000000000        0x8 ./src/main.o
 .group         0x0000000000000000        0x8 ./src/main.o
 .group         0x0000000000000000        0x8 ./src/main.o
 .group         0x0000000000000000        0x8 ./src/main.o
 .group         0x0000000000000000        0x8 ./src/main.o
 .group         0x0000000000000000        0x8 ./src/main.o
 .group         0x0000000000000000        0x8 ./src/main.o
 .text          0x0000000000000000        0x0 ./src/main.o
 .data          0x0000000000000000        0x0 ./src/main.o
 .bss           0x0000000000000000        0x0 ./src/main.o
 .bss.TM_TimingDelay
                0x0000000000000000        0x4 ./src/main.o
 .bss.TM_Time   0x0000000000000000        0x4 ./src/main.o
 .bss.TM_Time2  0x0000000000000000        0x4 ./src/main.o
 .group         0x0000000000000000        0x8 ./src/tm_stm32f4_delay.o
 .group         0x0000000000000000        0x8 ./src/tm_stm32f4_delay.o
 .group         0x0000000000000000        0x8 ./src/tm_stm32f4_delay.o
 .group         0x0000000000000000        0x8 ./src/tm_stm32f4_delay.o
 .group         0x0000000000000000        0x8 ./src/tm_stm32f4_delay.o
 .group         0x0000000000000000        0x8 ./src/tm_stm32f4_delay.o
[...]
Memory Configuration

Name             Origin             Length             Attributes
RAM              0x0000000020000000 0x0000000000020000 xrw
CCMRAM           0x0000000010000000 0x0000000000010000 xrw
FLASH            0x0000000008000000 0x0000000000100000 xr
FLASHB1          0x0000000000000000 0x0000000000000000 xr
EXTMEMB0         0x0000000000000000 0x0000000000000000 xr
EXTMEMB1         0x0000000000000000 0x0000000000000000 xr
EXTMEMB2         0x0000000000000000 0x0000000000000000 xr
EXTMEMB3         0x0000000000000000 0x0000000000000000 xr
MEMORY_ARRAY     0x0000000020002000 0x0000000000000020 xrw
*default*        0x0000000000000000 0xffffffffffffffff

Linker script and memory map

LOAD ./src/main.o
LOAD ./src/tm_stm32f4_delay.o
LOAD ./src/tm_stm32f4_disco.o
LOAD ./src/tm_stm32f4_nrf24l01.o
LOAD ./src/tm_stm32f4_spi.o
LOAD ./src/tm_stm32f4_usart.o
LOAD ./libs/misc/src/_sbrk.o
LOAD ./libs/cmsis/src/startup_cm.o
LOAD ./libs/cmsis/src/startup_stm32f4xx.o
LOAD ./libs/cmsis/src/system_stm32f4xx.o
LOAD ./libs/cmsis/src/vectors_stm32f4xx.o
LOAD ./libs/StdPeriph/src/misc.o
LOAD ./libs/StdPeriph/src/stm32f4xx_adc.o
LOAD ./libs/StdPeriph/src/stm32f4xx_can.o
LOAD ./libs/StdPeriph/src/stm32f4xx_crc.o
LOAD ./libs/StdPeriph/src/stm32f4xx_cryp.o
LOAD ./libs/StdPeriph/src/stm32f4xx_cryp_aes.o
LOAD ./libs/StdPeriph/src/stm32f4xx_cryp_des.o
LOAD ./libs/StdPeriph/src/stm32f4xx_cryp_tdes.o
LOAD ./libs/StdPeriph/src/stm32f4xx_dac.o
LOAD ./libs/StdPeriph/src/stm32f4xx_dbgmcu.o
LOAD ./libs/StdPeriph/src/stm32f4xx_dcmi.o
LOAD ./libs/StdPeriph/src/stm32f4xx_dma.o
LOAD ./libs/StdPeriph/src/stm32f4xx_dma2d.o
LOAD ./libs/StdPeriph/src/stm32f4xx_exti.o
LOAD ./libs/StdPeriph/src/stm32f4xx_flash.o
LOAD ./libs/StdPeriph/src/stm32f4xx_fmc.o
LOAD ./libs/StdPeriph/src/stm32f4xx_fsmc.o
LOAD ./libs/StdPeriph/src/stm32f4xx_gpio.o
LOAD ./libs/StdPeriph/src/stm32f4xx_hash.o
LOAD ./libs/StdPeriph/src/stm32f4xx_hash_md5.o
LOAD ./libs/StdPeriph/src/stm32f4xx_hash_sha1.o
LOAD ./libs/StdPeriph/src/stm32f4xx_i2c.o
LOAD ./libs/StdPeriph/src/stm32f4xx_iwdg.o
LOAD ./libs/StdPeriph/src/stm32f4xx_ltdc.o
LOAD ./libs/StdPeriph/src/stm32f4xx_pwr.o
LOAD ./libs/StdPeriph/src/stm32f4xx_rcc.o
LOAD ./libs/StdPeriph/src/stm32f4xx_rng.o
LOAD ./libs/StdPeriph/src/stm32f4xx_rtc.o
LOAD ./libs/StdPeriph/src/stm32f4xx_sai.o
LOAD ./libs/StdPeriph/src/stm32f4xx_sdio.o
LOAD ./libs/StdPeriph/src/stm32f4xx_spi.o
LOAD ./libs/StdPeriph/src/stm32f4xx_syscfg.o
LOAD ./libs/StdPeriph/src/stm32f4xx_tim.o
LOAD ./libs/StdPeriph/src/stm32f4xx_usart.o
LOAD ./libs/StdPeriph/src/stm32f4xx_wwdg.o
START GROUP
LOAD /Users/ermanno/arm-cs-tools/bin/../lib/gcc/arm-none-eabi/4.8.3/armv7e-m/libgcc.a
LOAD /Users/ermanno/arm-cs-tools/bin/../lib/gcc/arm-none-eabi/4.8.3/../../../../arm-none-eabi/lib/armv7e-m/libg.a
LOAD /Users/ermanno/arm-cs-tools/bin/../lib/gcc/arm-none-eabi/4.8.3/../../../../arm-none-eabi/lib/armv7e-m/libc.a
END GROUP
START GROUP
LOAD /Users/ermanno/arm-cs-tools/bin/../lib/gcc/arm-none-eabi/4.8.3/armv7e-m/libgcc.a
LOAD /Users/ermanno/arm-cs-tools/bin/../lib/gcc/arm-none-eabi/4.8.3/../../../../arm-none-eabi/lib/armv7e-m/libg.a
LOAD /Users/ermanno/arm-cs-tools/bin/../lib/gcc/arm-none-eabi/4.8.3/../../../../arm-none-eabi/lib/armv7e-m/libc.a
LOAD /Users/ermanno/arm-cs-tools/bin/../lib/gcc/arm-none-eabi/4.8.3/../../../../arm-none-eabi/lib/armv7e-m/libm.a
END GROUP
                0x0000000020020000                __stack = (ORIGIN (RAM) + 0x20000)
                0x0000000020020000                _estack = __stack
                0x0000000000000400                __Main_Stack_Size = 0x400
                0x0000000000000400                PROVIDE (_Main_Stack_Size, __Main_Stack_Size)
                0x000000002001fc00                __Main_Stack_Limit = (__stack - __Main_Stack_Size)
                0x000000002001fc00                PROVIDE (_Main_Stack_Limit, __Main_Stack_Limit)
                0x0000000000000100                _Minimum_Stack_Size = 0x100
                0x0000000020000198                PROVIDE (_Heap_Begin, _end_noinit)
                0x000000002001fc00                PROVIDE (_Heap_Limit, (__stack - _Main_Stack_Size))

.isr_vector     0x0000000008000000      0x264
                0x0000000008000000                . = ALIGN (0x4)
 *(.isr_vector)
 .isr_vector    0x0000000008000000      0x188 ./libs/cmsis/src/vectors_stm32f4xx.o
                0x0000000008000000                g_pfnVectors
 *(.after_vectors .after_vectors.*)
 .after_vectors
                0x0000000008000188       0x8c ./libs/cmsis/src/startup_cm.o
                0x0000000008000188                Reset_Handler
                0x00000000080001cc                system_init
 .after_vectors
                0x0000000008000214       0x50 ./libs/cmsis/src/vectors_stm32f4xx.o
                0x0000000008000214                DMA1_Stream3_IRQHandler
                0x0000000008000214                HASH_RNG_IRQHandler
                0x0000000008000214                EXTI2_IRQHandler
                0x0000000008000214                TIM8_CC_IRQHandler
                0x0000000008000214                FLASH_IRQHandler
                0x0000000008000214                DMA2_Stream4_IRQHandler
                0x0000000008000214                OTG_FS_IRQHandler
                0x0000000008000214                SPI3_IRQHandler
                0x0000000008000214                DMA1_Stream4_IRQHandler
                0x0000000008000214                I2C1_ER_IRQHandler
                0x0000000008000214                DMA2_Stream6_IRQHandler
                0x0000000008000214                RTC_Alarm_IRQHandler
                0x0000000008000214                TIM1_CC_IRQHandler
                0x0000000008000214                DMA2_Stream5_IRQHandler
                0x0000000008000214                DMA1_Stream5_IRQHandler
                0x0000000008000214                PVD_IRQHandler
                0x0000000008000214                SDIO_IRQHandler
                0x0000000008000214                TAMP_STAMP_IRQHandler
                0x0000000008000214                CAN2_RX1_IRQHandler
                0x0000000008000214                EXTI3_IRQHandler
                0x0000000008000214                TIM8_TRG_COM_TIM14_IRQHandler
                0x0000000008000214                TIM1_UP_TIM10_IRQHandler
                0x0000000008000214                TIM8_UP_TIM13_IRQHandler
                0x0000000008000214                I2C3_ER_IRQHandler
                0x0000000008000214                EXTI0_IRQHandler
                0x0000000008000214                I2C2_EV_IRQHandler
                0x0000000008000214                DMA1_Stream2_IRQHandler
                0x0000000008000214                CAN1_RX0_IRQHandler
                0x0000000008000214                FPU_IRQHandler
                0x0000000008000214                OTG_HS_WKUP_IRQHandler
                0x0000000008000214                CAN2_SCE_IRQHandler
                0x0000000008000214                DMA2_Stream2_IRQHandler
                0x0000000008000214                SPI1_IRQHandler
                0x0000000008000214                TIM6_DAC_IRQHandler
                0x0000000008000214                TIM1_BRK_TIM9_IRQHandler
                0x0000000008000214                DCMI_IRQHandler
                0x0000000008000214                CAN2_RX0_IRQHandler
                0x0000000008000214                DMA2_Stream3_IRQHandler
                0x0000000008000214                CRYP_IRQHandler
                0x0000000008000214                CAN1_RX1_IRQHandler
                0x0000000008000214                DMA2_Stream0_IRQHandler
                0x0000000008000214                TIM4_IRQHandler
                0x0000000008000214                I2C1_EV_IRQHandler
                0x0000000008000214                DMA1_Stream6_IRQHandler
                0x0000000008000214                DMA1_Stream1_IRQHandler
                0x0000000008000214                TIM3_IRQHandler
                0x0000000008000214                RCC_IRQHandler
                0x0000000008000214                TIM8_BRK_TIM12_IRQHandler
                0x0000000008000214                Default_Handler
                0x0000000008000214                EXTI15_10_IRQHandler
                0x0000000008000214                ADC_IRQHandler
                0x0000000008000214                DMA1_Stream7_IRQHandler
                0x0000000008000214                TIM7_IRQHandler
                0x0000000008000214                CAN2_TX_IRQHandler
                0x0000000008000214                TIM5_IRQHandler
                0x0000000008000214                DMA2_Stream7_IRQHandler
                0x0000000008000214                I2C3_EV_IRQHandler
                0x0000000008000214                EXTI9_5_IRQHandler
                0x0000000008000214                RTC_WKUP_IRQHandler
                0x0000000008000214                ETH_WKUP_IRQHandler
                0x0000000008000214                SPI2_IRQHandler
                0x0000000008000214                OTG_HS_EP1_IN_IRQHandler
                0x0000000008000214                DMA1_Stream0_IRQHandler
                0x0000000008000214                CAN1_TX_IRQHandler
                0x0000000008000214                EXTI4_IRQHandler
                0x0000000008000214                FSMC_IRQHandler
                0x0000000008000214                ETH_IRQHandler
                0x0000000008000214                OTG_HS_EP1_OUT_IRQHandler
                0x0000000008000214                WWDG_IRQHandler
                0x0000000008000214                TIM2_IRQHandler
                0x0000000008000214                OTG_FS_WKUP_IRQHandler
                0x0000000008000214                TIM1_TRG_COM_TIM11_IRQHandler
                0x0000000008000214                OTG_HS_IRQHandler
                0x0000000008000214                EXTI1_IRQHandler
                0x0000000008000214                I2C2_ER_IRQHandler
                0x0000000008000214                DMA2_Stream1_IRQHandler
                0x0000000008000214                CAN1_SCE_IRQHandler
                0x000000000800021c                NMI_Handler
                0x0000000008000224                HardFault_Handler
                0x000000000800022c                MemManage_Handler
                0x0000000008000234                BusFault_Handler
                0x000000000800023c                UsageFault_Handler
                0x0000000008000244                SVC_Handler
                0x000000000800024c                DebugMon_Handler
                0x0000000008000254                PendSV_Handler
                0x0000000008000264                . = ALIGN (0x4)

._inits         0x0000000008000264        0x4
                0x0000000008000264                . = ALIGN (0x4)
 *(.init)
 *(.fini)
                0x0000000008000264                . = ALIGN (0x4)
                0x0000000008000264                PROVIDE (__preinit_array_start, .)
 *(.preinit_array_sysinit .preinit_array_sysinit.*)
 .preinit_array_sysinit
                0x0000000008000264        0x4 ./libs/cmsis/src/startup_cm.o
                0x0000000008000264                p_system_init
 *(.preinit_array_platform .preinit_array_platform.*)
 *(.preinit_array .preinit_array.*)
                0x0000000008000268                PROVIDE (__preinit_array_end, .)
                0x0000000008000268                . = ALIGN (0x4)
                0x0000000008000268                PROVIDE (__init_array_start, .)
 *(SORT(.init_array.*))
 *(.init_array)
                0x0000000008000268                PROVIDE (__init_array_end, .)
                0x0000000008000268                . = ALIGN (0x4)
                0x0000000008000268                PROVIDE (__fini_array_start, .)
 *(SORT(.fini_array.*))
 *(.fini_array)
                0x0000000008000268                PROVIDE (__fini_array_end, .)
                0x0000000008000268                . = ALIGN (0x4)

.flashtext      0x0000000008000268        0x0
                0x0000000008000268                . = ALIGN (0x4)
 *(.flashtext .flashtext.*)
                0x0000000008000268                . = ALIGN (0x4)

.text           0x0000000008000268     0x2364
                0x0000000008000268                . = ALIGN (0x4)
 *(.text .text.*)
 .text.main     0x0000000008000268       0x90 ./src/main.o
                0x0000000008000268                main
 .text.NVIC_SetPriority
                0x00000000080002f8       0x54 ./src/tm_stm32f4_delay.o
 .text.SysTick_Config
                0x000000000800034c       0x44 ./src/tm_stm32f4_delay.o
 .text.SysTick_Handler
                0x0000000008000390       0x48 ./src/tm_stm32f4_delay.o
                0x0000000008000390                SysTick_Handler
 .text.TM_DELAY_Init
                0x00000000080003d8       0x50 ./src/tm_stm32f4_delay.o
                0x00000000080003d8                TM_DELAY_Init
 .text.TM_DISCO_LedInit
                0x0000000008000428       0x38 ./src/tm_stm32f4_disco.o
                0x0000000008000428                TM_DISCO_LedInit
 .text.TM_DISCO_LedOn
                0x0000000008000460       0x20 ./src/tm_stm32f4_disco.o
                0x0000000008000460                TM_DISCO_LedOn
 .text.TM_DISCO_LedOff
                0x0000000008000480       0x20 ./src/tm_stm32f4_disco.o
                0x0000000008000480                TM_DISCO_LedOff
 .text.TM_NRF24L01_InitPins
                0x00000000080004a0       0x54 ./src/tm_stm32f4_nrf24l01.o
                0x00000000080004a0                TM_NRF24L01_InitPins
 .text.TM_NRF24L01_Init
                0x00000000080004f4      0x10c ./src/tm_stm32f4_nrf24l01.o
                0x00000000080004f4                TM_NRF24L01_Init
 .text.TM_NRF24L01_SetMyAddress
                0x0000000008000600       0x2c ./src/tm_stm32f4_nrf24l01.o
                0x0000000008000600                TM_NRF24L01_SetMyAddress
 .text.TM_NRF24L01_SetTxAddress
                0x000000000800062c       0x24 ./src/tm_stm32f4_nrf24l01.o
                0x000000000800062c                TM_NRF24L01_SetTxAddress
 .text.TM_NRF24L01_WriteBit
                0x0000000008000650       0x60 ./src/tm_stm32f4_nrf24l01.o
                0x0000000008000650                TM_NRF24L01_WriteBit
 .text.TM_NRF24L01_ReadRegister
                0x00000000080006b0       0x44 ./src/tm_stm32f4_nrf24l01.o
                0x00000000080006b0                TM_NRF24L01_ReadRegister
 .text.TM_NRF24L01_WriteRegister
                0x00000000080006f4       0x48 ./src/tm_stm32f4_nrf24l01.o
                0x00000000080006f4                TM_NRF24L01_WriteRegister
 .text.TM_NRF24L01_WriteRegisterMulti
                0x000000000800073c       0x50 ./src/tm_stm32f4_nrf24l01.o
                0x000000000800073c                TM_NRF24L01_WriteRegisterMulti
 .text.TM_NRF24L01_PowerUpTx
                0x000000000800078c       0x2c ./src/tm_stm32f4_nrf24l01.o
                0x000000000800078c                TM_NRF24L01_PowerUpTx
 .text.TM_NRF24L01_PowerUpRx
                0x00000000080007b8       0x58 ./src/tm_stm32f4_nrf24l01.o
                0x00000000080007b8                TM_NRF24L01_PowerUpRx
 .text.TM_NRF24L01_Transmit
                0x0000000008000810       0x6c ./src/tm_stm32f4_nrf24l01.o
                0x0000000008000810                TM_NRF24L01_Transmit
 .text.TM_NRF24L01_GetData
                0x000000000800087c       0x44 ./src/tm_stm32f4_nrf24l01.o
                0x000000000800087c                TM_NRF24L01_GetData
 .text.TM_NRF24L01_DataReady
                0x00000000080008c0       0x34 ./src/tm_stm32f4_nrf24l01.o
                0x00000000080008c0                TM_NRF24L01_DataReady
 .text.TM_NRF24L01_RxFifoEmpty
                0x00000000080008f4       0x20 ./src/tm_stm32f4_nrf24l01.o
                0x00000000080008f4                TM_NRF24L01_RxFifoEmpty
 .text.TM_NRF24L01_GetStatus
                0x0000000008000914       0x30 ./src/tm_stm32f4_nrf24l01.o
                0x0000000008000914                TM_NRF24L01_GetStatus
 .text.TM_NRF24L01_GetTransmissionStatus
                0x0000000008000944       0x34 ./src/tm_stm32f4_nrf24l01.o
                0x0000000008000944                TM_NRF24L01_GetTransmissionStatus
 .text.TM_NRF24L01_SoftwareReset
                0x0000000008000978      0x124 ./src/tm_stm32f4_nrf24l01.o
                0x0000000008000978                TM_NRF24L01_SoftwareReset
 .text.TM_NRF24L01_SetChannel
                0x0000000008000a9c       0x34 ./src/tm_stm32f4_nrf24l01.o
                0x0000000008000a9c                TM_NRF24L01_SetChannel
 .text.TM_NRF24L01_SetRF
                0x0000000008000ad0       0x80 ./src/tm_stm32f4_nrf24l01.o
                0x0000000008000ad0                TM_NRF24L01_SetRF
 .text.TM_SPI_Init
                0x0000000008000b50       0x94 ./src/tm_stm32f4_spi.o
                0x0000000008000b50                TM_SPI_Init
 .text.TM_SPI1_Init
                0x0000000008000be4       0xfc ./src/tm_stm32f4_spi.o
                0x0000000008000be4                TM_SPI1_Init
 .text.TM_SPI2_Init
                0x0000000008000ce0      0x15c ./src/tm_stm32f4_spi.o
                0x0000000008000ce0                TM_SPI2_Init
 .text.TM_SPI3_Init
                0x0000000008000e3c       0xfc ./src/tm_stm32f4_spi.o
                0x0000000008000e3c                TM_SPI3_Init
 .text.TM_SPI4_Init
                0x0000000008000f38       0xf8 ./src/tm_stm32f4_spi.o
                0x0000000008000f38                TM_SPI4_Init
 .text.TM_SPI5_Init
                0x0000000008001030      0x118 ./src/tm_stm32f4_spi.o
                0x0000000008001030                TM_SPI5_Init
 .text.TM_SPI6_Init
                0x0000000008001148       0xb4 ./src/tm_stm32f4_spi.o
                0x0000000008001148                TM_SPI6_Init
 .text.TM_SPI_Send
                0x00000000080011fc       0x54 ./src/tm_stm32f4_spi.o
                0x00000000080011fc                TM_SPI_Send
 .text.TM_SPI_SendMulti
                0x0000000008001250       0x44 ./src/tm_stm32f4_spi.o
                0x0000000008001250                TM_SPI_SendMulti
 .text.TM_SPI_WriteMulti
                0x0000000008001294       0x38 ./src/tm_stm32f4_spi.o
                0x0000000008001294                TM_SPI_WriteMulti
 .text.TM_USART_Init
                0x00000000080012cc      0x15c ./src/tm_stm32f4_usart.o
                0x00000000080012cc                TM_USART_Init
 .text.TM_USART1_InitPins
                0x0000000008001428       0x98 ./src/tm_stm32f4_usart.o
                0x0000000008001428                TM_USART1_InitPins
 .text.TM_USART2_InitPins
                0x00000000080014c0       0x98 ./src/tm_stm32f4_usart.o
                0x00000000080014c0                TM_USART2_InitPins
 .text.TM_USART3_InitPins
                0x0000000008001558       0xd8 ./src/tm_stm32f4_usart.o
                0x0000000008001558                TM_USART3_InitPins
 .text.TM_UART4_InitPins
                0x0000000008001630       0x9c ./src/tm_stm32f4_usart.o
                0x0000000008001630                TM_UART4_InitPins
 .text.TM_UART5_InitPins
                0x00000000080016cc       0x80 ./src/tm_stm32f4_usart.o
                0x00000000080016cc                TM_UART5_InitPins
 .text.TM_USART6_InitPins
                0x000000000800174c       0x98 ./src/tm_stm32f4_usart.o
                0x000000000800174c                TM_USART6_InitPins
 .text.USART1_IRQHandler
                0x00000000080017e4       0x2c ./src/tm_stm32f4_usart.o
                0x00000000080017e4                USART1_IRQHandler
 .text.USART2_IRQHandler
                0x0000000008001810       0x2c ./src/tm_stm32f4_usart.o
                0x0000000008001810                USART2_IRQHandler
 .text.USART3_IRQHandler
                0x000000000800183c       0x2c ./src/tm_stm32f4_usart.o
                0x000000000800183c                USART3_IRQHandler
 .text.UART4_IRQHandler
                0x0000000008001868       0x2c ./src/tm_stm32f4_usart.o
                0x0000000008001868                UART4_IRQHandler
 .text.UART5_IRQHandler
                0x0000000008001894       0x2c ./src/tm_stm32f4_usart.o
                0x0000000008001894                UART5_IRQHandler
 .text.USART6_IRQHandler
                0x00000000080018c0       0x2c ./src/tm_stm32f4_usart.o
                0x00000000080018c0                USART6_IRQHandler
 .text.TM_USART_InsertToBuffer
                0x00000000080018ec       0x80 ./src/tm_stm32f4_usart.o
                0x00000000080018ec                TM_USART_InsertToBuffer
 .text.TM_USART_GetUsartNumber
                0x000000000800196c       0x98 ./src/tm_stm32f4_usart.o
                0x000000000800196c                TM_USART_GetUsartNumber
 .text.__libc_init_array
                0x0000000008001a04       0x6c ./libs/cmsis/src/startup_cm.o
                0x0000000008001a04                __libc_init_array
 .text.__libc_fini_array
                0x0000000008001a70       0x3c ./libs/cmsis/src/startup_cm.o
                0x0000000008001a70                __libc_fini_array
 .text._exit    0x0000000008001aac        0xc ./libs/cmsis/src/startup_stm32f4xx.o
                0x0000000008001aac                _exit
 .text.SystemInit
                0x0000000008001ab8       0x58 ./libs/cmsis/src/system_stm32f4xx.o
                0x0000000008001ab8                SystemInit
 .text.SetSysClock
                0x0000000008001b10       0xf4 ./libs/cmsis/src/system_stm32f4xx.o
 .text.NVIC_Init
                0x0000000008001c04       0xbc ./libs/StdPeriph/src/misc.o
                0x0000000008001c04                NVIC_Init
 .text.GPIO_Init
                0x0000000008001cc0      0x11c ./libs/StdPeriph/src/stm32f4xx_gpio.o
                0x0000000008001cc0                GPIO_Init
 .text.GPIO_SetBits
                0x0000000008001ddc       0x1c ./libs/StdPeriph/src/stm32f4xx_gpio.o
                0x0000000008001ddc                GPIO_SetBits
 .text.GPIO_ResetBits
                0x0000000008001df8       0x1c ./libs/StdPeriph/src/stm32f4xx_gpio.o
                0x0000000008001df8                GPIO_ResetBits
 .text.GPIO_PinAFConfig
                0x0000000008001e14       0x8c ./libs/StdPeriph/src/stm32f4xx_gpio.o
                0x0000000008001e14                GPIO_PinAFConfig
 .text.RCC_HSEConfig
                0x0000000008001ea0       0x24 ./libs/StdPeriph/src/stm32f4xx_rcc.o
                0x0000000008001ea0                RCC_HSEConfig
 .text.RCC_WaitForHSEStartUp
                0x0000000008001ec4       0x50 ./libs/StdPeriph/src/stm32f4xx_rcc.o
                0x0000000008001ec4                RCC_WaitForHSEStartUp
 .text.RCC_GetClocksFreq
                0x0000000008001f14      0x154 ./libs/StdPeriph/src/stm32f4xx_rcc.o
                0x0000000008001f14                RCC_GetClocksFreq
 .text.RCC_AHB1PeriphClockCmd
                0x0000000008002068       0x3c ./libs/StdPeriph/src/stm32f4xx_rcc.o
                0x0000000008002068                RCC_AHB1PeriphClockCmd
 .text.RCC_APB1PeriphClockCmd
                0x00000000080020a4       0x3c ./libs/StdPeriph/src/stm32f4xx_rcc.o
                0x00000000080020a4                RCC_APB1PeriphClockCmd
 .text.RCC_APB2PeriphClockCmd
                0x00000000080020e0       0x3c ./libs/StdPeriph/src/stm32f4xx_rcc.o
                0x00000000080020e0                RCC_APB2PeriphClockCmd
 .text.RCC_GetFlagStatus
                0x000000000800211c       0x74 ./libs/StdPeriph/src/stm32f4xx_rcc.o
                0x000000000800211c                RCC_GetFlagStatus
 .text.SPI_Init
                0x0000000008002190       0x88 ./libs/StdPeriph/src/stm32f4xx_spi.o
                0x0000000008002190                SPI_Init
 .text.SPI_StructInit
                0x0000000008002218       0x48 ./libs/StdPeriph/src/stm32f4xx_spi.o
                0x0000000008002218                SPI_StructInit
 .text.SPI_Cmd  0x0000000008002260       0x40 ./libs/StdPeriph/src/stm32f4xx_spi.o
                0x0000000008002260                SPI_Cmd
 .text.SPI_I2S_GetFlagStatus
                0x00000000080022a0       0x38 ./libs/StdPeriph/src/stm32f4xx_spi.o
                0x00000000080022a0                SPI_I2S_GetFlagStatus
 .text.USART_Init
                0x00000000080022d8      0x174 ./libs/StdPeriph/src/stm32f4xx_usart.o
                0x00000000080022d8                USART_Init
 .text.USART_Cmd
                0x000000000800244c       0x40 ./libs/StdPeriph/src/stm32f4xx_usart.o
                0x000000000800244c                USART_Cmd
 .text.USART_ITConfig
                0x000000000800248c       0x90 ./libs/StdPeriph/src/stm32f4xx_usart.o
                0x000000000800248c                USART_ITConfig
 .text.USART_GetITStatus
                0x000000000800251c       0xb0 ./libs/StdPeriph/src/stm32f4xx_usart.o
                0x000000000800251c                USART_GetITStatus
 *(.rodata .rodata.*)
 *(.eh_frame*)
 *(.glue_7)
 .glue_7        0x0000000000000000        0x0 linker stubs
 *(.glue_7t)
 .glue_7t       0x0000000000000000        0x0 linker stubs

.vfp11_veneer   0x00000000080025cc        0x0
 .vfp11_veneer  0x0000000000000000        0x0 linker stubs

.v4_bx          0x00000000080025cc        0x0
 .v4_bx         0x0000000000000000        0x0 linker stubs

.iplt           0x00000000080025cc        0x0
 .iplt          0x0000000000000000        0x0 ./src/main.o

.rel.dyn        0x00000000080025cc        0x0
 .rel.iplt      0x0000000000000000        0x0 ./src/main.o

.ARM.extab
 *(.ARM.extab* .gnu.linkonce.armextab.*)
                0x00000000080025cc                __exidx_start = .

.ARM.exidx
 *(.ARM.exidx* .gnu.linkonce.armexidx.*)
                0x00000000080025cc                __exidx_end = .
                0x00000000080025cc                . = ALIGN (0x4)
                0x00000000080025cc                _etext = .
                0x00000000080025cc                _sidata = _etext

.ROarraySection
 *(.ROarraySection .ROarraySection.*)

.data           0x0000000020000000       0x24 load address 0x00000000080025cc
                0x0000000020000000                . = ALIGN (0x4)
                0x0000000020000000                _sdata = .
                0x0000000020000000                __data_start__ = .
 *(vtable)
 *(EXCLUDE_FILE(*rdimon-crt0.o) .data .data.*)
 .data.TxAddress
                0x0000000020000000        0x8 ./src/main.o
                0x0000000020000000                TxAddress
 .data.MyAddress
                0x0000000020000008        0x8 ./src/main.o
                0x0000000020000008                MyAddress
 .data.SystemCoreClock
                0x0000000020000010        0x4 ./libs/cmsis/src/system_stm32f4xx.o
                0x0000000020000010                SystemCoreClock
 .data.APBAHBPrescTable
                0x0000000020000014       0x10 ./libs/StdPeriph/src/stm32f4xx_rcc.o
                0x0000000020000024                . = ALIGN (0x4)
                0x0000000020000024                _edata = .
                0x0000000020000024                __data_end__ = .

.igot.plt       0x0000000020000024        0x0 load address 0x00000000080025f0
 .igot.plt      0x0000000000000000        0x0 ./src/main.o

.bss            0x0000000020000024      0x174 load address 0x00000000080025f0
                0x0000000020000024                . = ALIGN (0x4)
 *rdimon-crt0.o(.data)
                0x0000000020000024                . = ALIGN (0x4)
                0x0000000020000024                __bss_start__ = .
                0x0000000020000024                _sbss = .
 *(.bss .bss.*)
 .bss.TM_TimingDelay
                0x0000000020000024        0x4 ./src/tm_stm32f4_delay.o
 .bss.TM_Time   0x0000000020000028        0x4 ./src/tm_stm32f4_delay.o
 .bss.TM_Time2  0x000000002000002c        0x4 ./src/tm_stm32f4_delay.o
 .bss.TM_DELAY_Initialized
                0x0000000020000030        0x1 ./src/tm_stm32f4_delay.o
                0x0000000020000030                TM_DELAY_Initialized
 *fill*         0x0000000020000031        0x3 
 .bss.tm_usart_buf_in
                0x0000000020000034       0x10 ./src/tm_stm32f4_usart.o
                0x0000000020000034                tm_usart_buf_in
 .bss.tm_usart_buf_num
                0x0000000020000044       0x10 ./src/tm_stm32f4_usart.o
                0x0000000020000044                tm_usart_buf_num
 *(COMMON)
 COMMON         0x0000000020000054       0x40 ./src/main.o
                0x0000000020000054                dataIn
                0x0000000020000074                dataOut
 COMMON         0x0000000020000094        0x4 ./src/tm_stm32f4_nrf24l01.o
                0x0000000020000094                TM_NRF24L01_Struct
 COMMON         0x0000000020000098      0x100 ./src/tm_stm32f4_usart.o
                0x0000000020000098                TM_USART_Buffer
                0x0000000020000198                . = ALIGN (0x4)
                0x0000000020000198                __bss_end__ = .
                0x0000000020000198                _ebss = .

.noinit         0x0000000020000198        0x0
                0x0000000020000198                . = ALIGN (0x4)
                0x0000000020000198                _noinit = .
 *(.noinit .noinit.*)
                0x0000000020000198                . = ALIGN (0x4)
                0x0000000020000198                _end_noinit = .
                0x0000000020000198                PROVIDE (end, _end_noinit)
                0x0000000020000198                PROVIDE (_end, _end_noinit)
                0x0000000020000198                PROVIDE (__end, _end_noinit)
                0x0000000020000198                PROVIDE (__end__, _end_noinit)

._check_stack   0x0000000020000198      0x100 load address 0x0000000008002764
                0x0000000020000198                . = ALIGN (0x4)
                0x0000000020000298                . = (. + _Minimum_Stack_Size)
 *fill*         0x0000000020000198      0x100 
                0x0000000020000298                . = ALIGN (0x4)

.bss_CCMRAM
 *(.bss.CCMRAM .bss.CCMRAM.*)

.b1text
 *(.b1text)
 *(.b1rodata)
 *(.b1rodata.*)

.eb0text
 *(.eb0text)
 *(.eb0rodata)
 *(.eb0rodata.*)

.eb1text
 *(.eb1text)
 *(.eb1rodata)
 *(.eb1rodata.*)

.eb2text
 *(.eb2text)
 *(.eb2rodata)
 *(.eb2rodata.*)

.eb3text
 *(.eb3text)
 *(.eb3rodata)
 *(.eb3rodata.*)

.stab
 *(.stab)

.stabstr
 *(.stabstr)

.stab.excl
 *(.stab.excl)

.stab.exclstr
 *(.stab.exclstr)

.stab.index
 *(.stab.index)

.stab.indexstr
 *(.stab.indexstr)

.comment        0x0000000000000000       0x70
 *(.comment)
 .comment       0x0000000000000000       0x70 ./src/main.o
                                         0x71 (size before relaxing)
 .comment       0x0000000000000000       0x71 ./src/tm_stm32f4_delay.o
 .comment       0x0000000000000000       0x71 ./src/tm_stm32f4_disco.o
 .comment       0x0000000000000000       0x71 ./src/tm_stm32f4_nrf24l01.o
 .comment       0x0000000000000000       0x71 ./src/tm_stm32f4_spi.o
 .comment       0x0000000000000000       0x71 ./src/tm_stm32f4_usart.o
 .comment       0x0000000000000000       0x71 ./libs/cmsis/src/startup_cm.o
 .comment       0x0000000000000000       0x71 ./libs/cmsis/src/startup_stm32f4xx.o
 .comment       0x0000000000000000       0x71 ./libs/cmsis/src/system_stm32f4xx.o
 .comment       0x0000000000000000       0x71 ./libs/cmsis/src/vectors_stm32f4xx.o
 .comment       0x0000000000000000       0x71 ./libs/StdPeriph/src/misc.o
 .comment       0x0000000000000000       0x71 ./libs/StdPeriph/src/stm32f4xx_gpio.o
 .comment       0x0000000000000000       0x71 ./libs/StdPeriph/src/stm32f4xx_rcc.o
 .comment       0x0000000000000000       0x71 ./libs/StdPeriph/src/stm32f4xx_spi.o
 .comment       0x0000000000000000       0x71 ./libs/StdPeriph/src/stm32f4xx_usart.o

.ARM.attributes
                0x0000000000000000       0x33
 .ARM.attributes
                0x0000000000000000       0x33 ./src/main.o
 .ARM.attributes
                0x0000000000000033       0x33 ./src/tm_stm32f4_delay.o
 .ARM.attributes
                0x0000000000000066       0x33 ./src/tm_stm32f4_disco.o
 .ARM.attributes
                0x0000000000000099       0x33 ./src/tm_stm32f4_nrf24l01.o
 .ARM.attributes
                0x00000000000000cc       0x33 ./src/tm_stm32f4_spi.o
 .ARM.attributes
                0x00000000000000ff       0x33 ./src/tm_stm32f4_usart.o
 .ARM.attributes
                0x0000000000000132       0x33 ./libs/cmsis/src/startup_cm.o
 .ARM.attributes
                0x0000000000000165       0x33 ./libs/cmsis/src/startup_stm32f4xx.o
 .ARM.attributes
                0x0000000000000198       0x33 ./libs/cmsis/src/system_stm32f4xx.o
 .ARM.attributes
                0x00000000000001cb       0x33 ./libs/cmsis/src/vectors_stm32f4xx.o
 .ARM.attributes
                0x00000000000001fe       0x33 ./libs/StdPeriph/src/misc.o
 .ARM.attributes
                0x0000000000000231       0x33 ./libs/StdPeriph/src/stm32f4xx_gpio.o
 .ARM.attributes
                0x0000000000000264       0x33 ./libs/StdPeriph/src/stm32f4xx_rcc.o
 .ARM.attributes
                0x0000000000000297       0x33 ./libs/StdPeriph/src/stm32f4xx_spi.o
 .ARM.attributes
                0x00000000000002ca       0x33 ./libs/StdPeriph/src/stm32f4xx_usart.o

.debug
 *(.debug)

.line
 *(.line)

.debug_srcinfo
 *(.debug_srcinfo)

.debug_sfnames
 *(.debug_sfnames)

.debug_aranges  0x0000000000000000      0x860
 *(.debug_aranges)
 .debug_aranges
                0x0000000000000000       0x20 ./src/main.o
 .debug_aranges
                0x0000000000000020       0x78 ./src/tm_stm32f4_delay.o
 .debug_aranges
                0x0000000000000098       0x50 ./src/tm_stm32f4_disco.o
 .debug_aranges
                0x00000000000000e8       0xf0 ./src/tm_stm32f4_nrf24l01.o
 .debug_aranges
                0x00000000000001d8       0x70 ./src/tm_stm32f4_spi.o
 .debug_aranges
                0x0000000000000248       0xc8 ./src/tm_stm32f4_usart.o
 .debug_aranges
                0x0000000000000310       0x38 ./libs/cmsis/src/startup_cm.o
 .debug_aranges
                0x0000000000000348       0x20 ./libs/cmsis/src/startup_stm32f4xx.o
 .debug_aranges
                0x0000000000000368       0x30 ./libs/cmsis/src/system_stm32f4xx.o
 .debug_aranges
                0x0000000000000398       0x68 ./libs/cmsis/src/vectors_stm32f4xx.o
 .debug_aranges
                0x0000000000000400       0x40 ./libs/StdPeriph/src/misc.o
 .debug_aranges
                0x0000000000000440       0x88 ./libs/StdPeriph/src/stm32f4xx_gpio.o
 .debug_aranges
                0x00000000000004c8      0x1b8 ./libs/StdPeriph/src/stm32f4xx_rcc.o
 .debug_aranges
                0x0000000000000680       0xe0 ./libs/StdPeriph/src/stm32f4xx_spi.o
 .debug_aranges
                0x0000000000000760      0x100 ./libs/StdPeriph/src/stm32f4xx_usart.o

.debug_pubnames
 *(.debug_pubnames)

.debug_info     0x0000000000000000     0x62a3
 *(.debug_info .gnu.linkonce.wi.*)
 .debug_info    0x0000000000000000      0x304 ./src/main.o
 .debug_info    0x0000000000000304      0x7d2 ./src/tm_stm32f4_delay.o
 .debug_info    0x0000000000000ad6      0x3a1 ./src/tm_stm32f4_disco.o
 .debug_info    0x0000000000000e77      0x943 ./src/tm_stm32f4_nrf24l01.o
 .debug_info    0x00000000000017ba      0x770 ./src/tm_stm32f4_spi.o
 .debug_info    0x0000000000001f2a      0xad5 ./src/tm_stm32f4_usart.o
 .debug_info    0x00000000000029ff      0x29c ./libs/cmsis/src/startup_cm.o
 .debug_info    0x0000000000002c9b       0xc0 ./libs/cmsis/src/startup_stm32f4xx.o
 .debug_info    0x0000000000002d5b      0x5c4 ./libs/cmsis/src/system_stm32f4xx.o
 .debug_info    0x000000000000331f      0x135 ./libs/cmsis/src/vectors_stm32f4xx.o
 .debug_info    0x0000000000003454      0x545 ./libs/StdPeriph/src/misc.o
 .debug_info    0x0000000000003999      0x60d ./libs/StdPeriph/src/stm32f4xx_gpio.o
 .debug_info    0x0000000000003fa6      0xe0a ./libs/StdPeriph/src/stm32f4xx_rcc.o
 .debug_info    0x0000000000004db0      0xb29 ./libs/StdPeriph/src/stm32f4xx_spi.o
 .debug_info    0x00000000000058d9      0x9ca ./libs/StdPeriph/src/stm32f4xx_usart.o

.debug_abbrev   0x0000000000000000     0x1469
 *(.debug_abbrev)
 .debug_abbrev  0x0000000000000000       0xee ./src/main.o
 .debug_abbrev  0x00000000000000ee      0x1d4 ./src/tm_stm32f4_delay.o
 .debug_abbrev  0x00000000000002c2      0x149 ./src/tm_stm32f4_disco.o
 .debug_abbrev  0x000000000000040b      0x1fc ./src/tm_stm32f4_nrf24l01.o
 .debug_abbrev  0x0000000000000607      0x17f ./src/tm_stm32f4_spi.o
 .debug_abbrev  0x0000000000000786      0x1fc ./src/tm_stm32f4_usart.o
 .debug_abbrev  0x0000000000000982      0x128 ./libs/cmsis/src/startup_cm.o
 .debug_abbrev  0x0000000000000aaa       0x7b ./libs/cmsis/src/startup_stm32f4xx.o
 .debug_abbrev  0x0000000000000b25      0x13b ./libs/cmsis/src/system_stm32f4xx.o
 .debug_abbrev  0x0000000000000c60       0x92 ./libs/cmsis/src/vectors_stm32f4xx.o
 .debug_abbrev  0x0000000000000cf2      0x14a ./libs/StdPeriph/src/misc.o
 .debug_abbrev  0x0000000000000e3c      0x1a8 ./libs/StdPeriph/src/stm32f4xx_gpio.o
 .debug_abbrev  0x0000000000000fe4      0x1bf ./libs/StdPeriph/src/stm32f4xx_rcc.o
 .debug_abbrev  0x00000000000011a3      0x16c ./libs/StdPeriph/src/stm32f4xx_spi.o
 .debug_abbrev  0x000000000000130f      0x15a ./libs/StdPeriph/src/stm32f4xx_usart.o

.debug_line     0x0000000000000000     0x4dab
 *(.debug_line)
 .debug_line    0x0000000000000000      0x53f ./src/main.o
 .debug_line    0x000000000000053f      0x546 ./src/tm_stm32f4_delay.o
 .debug_line    0x0000000000000a85      0x4b5 ./src/tm_stm32f4_disco.o
 .debug_line    0x0000000000000f3a      0x6bd ./src/tm_stm32f4_nrf24l01.o
 .debug_line    0x00000000000015f7      0x5ff ./src/tm_stm32f4_spi.o
 .debug_line    0x0000000000001bf6      0x6a6 ./src/tm_stm32f4_usart.o
 .debug_line    0x000000000000229c      0x23c ./libs/cmsis/src/startup_cm.o
 .debug_line    0x00000000000024d8      0x426 ./libs/cmsis/src/startup_stm32f4xx.o
 .debug_line    0x00000000000028fe      0x496 ./libs/cmsis/src/system_stm32f4xx.o
 .debug_line    0x0000000000002d94       0x93 ./libs/cmsis/src/vectors_stm32f4xx.o
 .debug_line    0x0000000000002e27      0x475 ./libs/StdPeriph/src/misc.o
 .debug_line    0x000000000000329c      0x56b ./libs/StdPeriph/src/stm32f4xx_gpio.o
 .debug_line    0x0000000000003807      0x868 ./libs/StdPeriph/src/stm32f4xx_rcc.o
 .debug_line    0x000000000000406f      0x682 ./libs/StdPeriph/src/stm32f4xx_spi.o
 .debug_line    0x00000000000046f1      0x6ba ./libs/StdPeriph/src/stm32f4xx_usart.o

.debug_frame    0x0000000000000000     0x1a08
 *(.debug_frame)
 .debug_frame   0x0000000000000000       0x30 ./src/main.o
 .debug_frame   0x0000000000000030      0x150 ./src/tm_stm32f4_delay.o
 .debug_frame   0x0000000000000180       0xec ./src/tm_stm32f4_disco.o
 .debug_frame   0x000000000000026c      0x360 ./src/tm_stm32f4_nrf24l01.o
 .debug_frame   0x00000000000005cc      0x170 ./src/tm_stm32f4_spi.o
 .debug_frame   0x000000000000073c      0x2a8 ./src/tm_stm32f4_usart.o
 .debug_frame   0x00000000000009e4       0x90 ./libs/cmsis/src/startup_cm.o
 .debug_frame   0x0000000000000a74       0x2c ./libs/cmsis/src/startup_stm32f4xx.o
 .debug_frame   0x0000000000000aa0       0x64 ./libs/cmsis/src/system_stm32f4xx.o
 .debug_frame   0x0000000000000b04      0x100 ./libs/cmsis/src/vectors_stm32f4xx.o
 .debug_frame   0x0000000000000c04       0x9c ./libs/StdPeriph/src/misc.o
 .debug_frame   0x0000000000000ca0      0x19c ./libs/StdPeriph/src/stm32f4xx_gpio.o
 .debug_frame   0x0000000000000e3c      0x5b8 ./libs/StdPeriph/src/stm32f4xx_rcc.o
 .debug_frame   0x00000000000013f4      0x2d0 ./libs/StdPeriph/src/stm32f4xx_spi.o
 .debug_frame   0x00000000000016c4      0x344 ./libs/StdPeriph/src/stm32f4xx_usart.o

.debug_str      0x0000000000000000    0x63f3e
 *(.debug_str)
 .debug_str     0x0000000000000000    0x613ef ./src/main.o
                                      0x61613 (size before relaxing)
 .debug_str     0x00000000000613ef      0x6ae ./src/tm_stm32f4_delay.o
                                      0x5dae7 (size before relaxing)
 .debug_str     0x0000000000061a9d      0x1f3 ./src/tm_stm32f4_disco.o
                                      0x5d785 (size before relaxing)
 .debug_str     0x0000000000061c90      0x3bd ./src/tm_stm32f4_nrf24l01.o
                                      0x5f0fc (size before relaxing)
 .debug_str     0x000000000006204d      0x194 ./src/tm_stm32f4_spi.o
                                      0x5dc0f (size before relaxing)
 .debug_str     0x00000000000621e1      0x33e ./src/tm_stm32f4_usart.o
                                      0x5e5ca (size before relaxing)
 .debug_str     0x000000000006251f      0x133 ./libs/cmsis/src/startup_cm.o
                                       0x3516 (size before relaxing)
 .debug_str     0x0000000000062652       0x2c ./libs/cmsis/src/startup_stm32f4xx.o
                                      0x5d3bd (size before relaxing)
 .debug_str     0x000000000006267e      0x1c2 ./libs/cmsis/src/system_stm32f4xx.o
                                      0x5d655 (size before relaxing)
 .debug_str     0x0000000000062840       0xcb ./libs/cmsis/src/vectors_stm32f4xx.o
                                       0x2540 (size before relaxing)
 .debug_str     0x000000000006290b      0x113 ./libs/StdPeriph/src/misc.o
                                      0x5d63e (size before relaxing)
 .debug_str     0x0000000000062a1e      0x15e ./libs/StdPeriph/src/stm32f4xx_gpio.o
                                      0x5d6e6 (size before relaxing)
 .debug_str     0x0000000000062b7c      0xc46 ./libs/StdPeriph/src/stm32f4xx_rcc.o
                                      0x5e1a2 (size before relaxing)
 .debug_str     0x00000000000637c2      0x2f4 ./libs/StdPeriph/src/stm32f4xx_spi.o
                                      0x5d9bd (size before relaxing)
 .debug_str     0x0000000000063ab6      0x488 ./libs/StdPeriph/src/stm32f4xx_usart.o
                                      0x5d9f9 (size before relaxing)

.debug_loc
 *(.debug_loc)

.debug_macinfo
 *(.debug_macinfo)

.debug_weaknames
 *(.debug_weaknames)

.debug_funcnames
 *(.debug_funcnames)

.debug_typenames
 *(.debug_typenames)

.debug_varnames
 *(.debug_varnames)
OUTPUT(TM-nrf24l01.elf elf32-littlearm)

.debug_ranges   0x0000000000000000      0x770
 .debug_ranges  0x0000000000000000       0x10 ./src/main.o
 .debug_ranges  0x0000000000000010       0x68 ./src/tm_stm32f4_delay.o
 .debug_ranges  0x0000000000000078       0x40 ./src/tm_stm32f4_disco.o
 .debug_ranges  0x00000000000000b8       0xe0 ./src/tm_stm32f4_nrf24l01.o
 .debug_ranges  0x0000000000000198       0x60 ./src/tm_stm32f4_spi.o
 .debug_ranges  0x00000000000001f8       0xb8 ./src/tm_stm32f4_usart.o
 .debug_ranges  0x00000000000002b0       0x28 ./libs/cmsis/src/startup_cm.o
 .debug_ranges  0x00000000000002d8       0x10 ./libs/cmsis/src/startup_stm32f4xx.o
 .debug_ranges  0x00000000000002e8       0x20 ./libs/cmsis/src/system_stm32f4xx.o
 .debug_ranges  0x0000000000000308       0x58 ./libs/cmsis/src/vectors_stm32f4xx.o
 .debug_ranges  0x0000000000000360       0x30 ./libs/StdPeriph/src/misc.o
 .debug_ranges  0x0000000000000390       0x78 ./libs/StdPeriph/src/stm32f4xx_gpio.o
 .debug_ranges  0x0000000000000408      0x1a8 ./libs/StdPeriph/src/stm32f4xx_rcc.o
 .debug_ranges  0x00000000000005b0       0xd0 ./libs/StdPeriph/src/stm32f4xx_spi.o
 .debug_ranges  0x0000000000000680       0xf0 ./libs/StdPeriph/src/stm32f4xx_usart.o

.debug_macro    0x0000000000000000    0x11e25
 .debug_macro   0x0000000000000000      0x29b ./src/main.o
 .debug_macro   0x000000000000029b      0x86e ./src/main.o
 .debug_macro   0x0000000000000b09       0x5e ./src/main.o
 .debug_macro   0x0000000000000b67       0x3b ./src/main.o
 .debug_macro   0x0000000000000ba2       0x16 ./src/main.o
 .debug_macro   0x0000000000000bb8       0x44 ./src/main.o
 .debug_macro   0x0000000000000bfc      0x209 ./src/main.o
 .debug_macro   0x0000000000000e05       0x2d ./src/main.o
 .debug_macro   0x0000000000000e32       0x42 ./src/main.o
 .debug_macro   0x0000000000000e74      0xd39 ./src/main.o
 .debug_macro   0x0000000000001bad     0x8bb0 ./src/main.o
 .debug_macro   0x000000000000a75d      0x44f ./src/main.o
 .debug_macro   0x000000000000abac       0xb2 ./src/main.o
 .debug_macro   0x000000000000ac5e      0x477 ./src/main.o
 .debug_macro   0x000000000000b0d5       0xae ./src/main.o
 .debug_macro   0x000000000000b183      0x41c ./src/main.o
 .debug_macro   0x000000000000b59f      0x2bc ./src/main.o
 .debug_macro   0x000000000000b85b      0x2bb ./src/main.o
 .debug_macro   0x000000000000bb16       0x64 ./src/main.o
 .debug_macro   0x000000000000bb7a       0xe7 ./src/main.o
 .debug_macro   0x000000000000bc61      0x62f ./src/main.o
 .debug_macro   0x000000000000c290      0x57b ./src/main.o
 .debug_macro   0x000000000000c80b      0x342 ./src/main.o
 .debug_macro   0x000000000000cb4d      0x36c ./src/main.o
 .debug_macro   0x000000000000ceb9       0xf7 ./src/main.o
 .debug_macro   0x000000000000cfb0      0x73b ./src/main.o
 .debug_macro   0x000000000000d6eb      0x223 ./src/main.o
 .debug_macro   0x000000000000d90e       0x34 ./src/main.o
 .debug_macro   0x000000000000d942       0x82 ./src/main.o
 .debug_macro   0x000000000000d9c4      0x144 ./src/main.o
 .debug_macro   0x000000000000db08       0xc3 ./src/main.o
 .debug_macro   0x000000000000dbcb       0x40 ./src/main.o
 .debug_macro   0x000000000000dc0b      0x3cf ./src/main.o
 .debug_macro   0x000000000000dfda      0x188 ./src/main.o
 .debug_macro   0x000000000000e162      0x149 ./src/main.o
 .debug_macro   0x000000000000e2ab      0x279 ./src/main.o
 .debug_macro   0x000000000000e524       0x35 ./src/main.o
 .debug_macro   0x000000000000e559       0xd8 ./src/main.o
 .debug_macro   0x000000000000e631      0x3eb ./src/main.o
 .debug_macro   0x000000000000ea1c       0x57 ./src/main.o
 .debug_macro   0x000000000000ea73      0x153 ./src/main.o
 .debug_macro   0x000000000000ebc6       0x58 ./src/main.o
 .debug_macro   0x000000000000ec1e       0x35 ./src/main.o
 .debug_macro   0x000000000000ec53       0xa3 ./src/main.o
 .debug_macro   0x000000000000ecf6       0x16 ./src/main.o
 .debug_macro   0x000000000000ed0c       0x97 ./src/main.o
 .debug_macro   0x000000000000eda3       0x10 ./src/main.o
 .debug_macro   0x000000000000edb3       0xf6 ./src/main.o
 .debug_macro   0x000000000000eea9       0x52 ./src/main.o
 .debug_macro   0x000000000000eefb       0x16 ./src/main.o
 .debug_macro   0x000000000000ef11       0x43 ./src/main.o
 .debug_macro   0x000000000000ef54      0x180 ./src/main.o
 .debug_macro   0x000000000000f0d4       0x10 ./src/main.o
 .debug_macro   0x000000000000f0e4       0x22 ./src/main.o
 .debug_macro   0x000000000000f106       0xbd ./src/main.o
 .debug_macro   0x000000000000f1c3       0x16 ./src/main.o
 .debug_macro   0x000000000000f1d9      0x16c ./src/main.o
 .debug_macro   0x000000000000f345      0x1a9 ./src/tm_stm32f4_delay.o
 .debug_macro   0x000000000000f4ee      0x1ae ./src/tm_stm32f4_disco.o
 .debug_macro   0x000000000000f69c       0x51 ./src/tm_stm32f4_disco.o
 .debug_macro   0x000000000000f6ed      0x1bd ./src/tm_stm32f4_nrf24l01.o
 .debug_macro   0x000000000000f8aa       0xd2 ./src/tm_stm32f4_nrf24l01.o
 .debug_macro   0x000000000000f97c      0x3e5 ./src/tm_stm32f4_nrf24l01.o
 .debug_macro   0x000000000000fd61      0x1ae ./src/tm_stm32f4_spi.o
 .debug_macro   0x000000000000ff0f      0x1b8 ./src/tm_stm32f4_usart.o
 .debug_macro   0x00000000000100c7       0x7c ./src/tm_stm32f4_usart.o
 .debug_macro   0x0000000000010143      0x14d ./src/tm_stm32f4_usart.o
 .debug_macro   0x0000000000010290       0xa6 ./libs/cmsis/src/startup_cm.o
 .debug_macro   0x0000000000010336      0x195 ./libs/cmsis/src/startup_stm32f4xx.o
 .debug_macro   0x00000000000104cb      0x1b9 ./libs/cmsis/src/system_stm32f4xx.o
 .debug_macro   0x0000000000010684       0x11 ./libs/cmsis/src/vectors_stm32f4xx.o
 .debug_macro   0x0000000000010695      0x1a5 ./libs/StdPeriph/src/misc.o
 .debug_macro   0x000000000001083a      0x19f ./libs/StdPeriph/src/stm32f4xx_gpio.o
 .debug_macro   0x00000000000109d9      0x2b6 ./libs/StdPeriph/src/stm32f4xx_gpio.o
 .debug_macro   0x0000000000010c8f      0x269 ./libs/StdPeriph/src/stm32f4xx_rcc.o
 .debug_macro   0x0000000000010ef8      0x629 ./libs/StdPeriph/src/stm32f4xx_rcc.o
 .debug_macro   0x0000000000011521      0x1ca ./libs/StdPeriph/src/stm32f4xx_spi.o
 .debug_macro   0x00000000000116eb      0x366 ./libs/StdPeriph/src/stm32f4xx_spi.o
 .debug_macro   0x0000000000011a51      0x1b7 ./libs/StdPeriph/src/stm32f4xx_usart.o
 .debug_macro   0x0000000000011c08      0x21d ./libs/StdPeriph/src/stm32f4xx_usart.o
